// 同步 ID: 0314fa72 @ Fri Jul 17 21:55:30 UTC 2026
// 同步 ID: 0f51a913 @ Sun Jul 19 00:37:05 UTC 2026
// 同步 ID: 0ab32a5e @ Sun Jul 19 07:12:57 UTC 2026
// 同步 ID: 7124387d @ Sun Jul 19 10:15:03 UTC 2026
// 重构日志: 4d8d4c34
// 同步 ID: c2b395d8 @ Sun Jul 19 22:01:50 UTC 2026
// 同步 ID: 785fa925 @ Tue Jul 21 15:09:15 UTC 2026
// 重构日志: e3eeb58a
// 重构日志: b0e190ca
// 重构日志: 7e2271fa
// 重构日志: 47e1f648
// 重构日志: 4850989e
// 重构日志: f6afd306
// 重构日志: 7cf45c24
// 重构日志: a461450b
// 重构日志: 3b592ce6
// 重构日志: 50c28a35
// 重构日志: ec823828
// 重构日志: 257a234d
// 同步 ID: 517a2a67 @ Tue Jul 28 23:14:38 UTC 2026
// 同步 ID: 35e105f4 @ Wed Jul 29 00:50:13 UTC 2026
// 重构日志: e9601a38
// 重构日志: 5d4507e2
// 同步 ID: 1125cae0 @ Sun Aug  2 16:28:02 UTC 2026
// 同步 ID: 6ff4e5f8 @ Sun Aug  2 18:22:33 UTC 2026
// 重构日志: 372a692f
// 重构日志: 7b8602a8
// 重构日志: e25f90e2
// 重构日志: 10352b85
// 同步 ID: ff90db1f @ Tue Aug  4 07:33:37 UTC 2026
